~~~~~~~~~~~~~~~~~~~~~~~~~~~~~~~~~~~~~~~~~~~~~~~~~~~~~~~~~~~~~~~~
[1mTesting Many Removals[22m
~~~~~~~~~~~~~~~~~~~~~~~~~~~~~~~~~~~~~~~~~~~~~~~~~~~~~~~~~~~~~~~~
                                                                                                                                                                                                ______________________________________________________________ 94 _____________________________________________________________                                                                                                                                                                                                  
                                                                                                                                 ______________________________________________________________/                                                                                                                               \______________________________________________________________                                                                                                                                   
                                                                                                ______________________________ 87 _____________________________                                                                                                                                                                                                                                96                                                                                                                                
                                                                 ______________________________/                                                               \______________________________                                                                                                                                                                                                                                                                                                                                   
                                                ______________ 61 _____________                                                                                                                92 _____________                                                                                                                                                                                                                                                                                                                  
                                 ______________/                               \______________                                                                                                                 \______________                                                                                                                                                                                                                                                                                                   
                        ______ 17 _____                                                 ______ 76 _____                                                                                                                        93                                                                                                                                                                                                                                                                                                
                 ______/               \______                                   ______/               \______                                                                                                                                                                                                                                                                                                                                                                                                                   
            __ 11                           __ 36                              73 _                            78 _                                                                                                                                                                                                                                                                                                                                                                                                              
         __/                             __/                                       \__                             \__                                                                                                                                                                                                                                                                                                                                                                                                           
       3                               26                                              74                              82                                                                                                                                                                                                                                                                                                                                                                                                        
     /                               /   \                                                                                                                                                                                                                                                                                                                                                                                                                                                                                       
   1                               23      31                                                                                                                                                                                                                                                                                                                                                                                                                                                                                    
                                  / \                                                                                                                                                                                                                                                                                                                                                                                                                                                                                            
                                 18  24                                                                                                                                                                                                                                                                                                                                                                                                                                                                                          


